// Jest Snapshot v1, https://goo.gl/fbAQLP

exports[`VideoInfo renders collapsed 1`] = `
<div
  className="video-info-container"
>
  <Image
    as="img"
    circular={true}
    className="channel-image"
    src="http://via.placeholder.com/48x48"
    ui={true}
  />
  <div
    className="video-info"
  >
    <div
      className="channel-name"
    >
      Channel Name
    </div>
    <div
      className="videopublication-date"
    >
      Published on Jun 25, 2019
    </div>
  </div>
  <Button
    as="button"
    className="subscribe-button"
    color="youtube"
  >
    Subscribe 523K
  </Button>
  <div
    className="video-description"
  >
    <div
      className="collapsed"
    >
      <p>
        Lorem ipsum dolor, sit amet consectetur adipisicing elit. Autem quos, magnam impedit vero hic inventore, numquam perspiciatis veritatis obcaecati aut assumenda rerum. Atque ratione similique numquam excepturi provident, commodi fugiat dolores accusamus quas cupiditate dolorum facilis iure aliquam nesciunt exercitationem totam pariatur deserunt nemo cum in. Eum voluptates mollitia quisquam eos repellendus sapiente ratione accusantium tempore sit dolorum dolorem est aut dolores nesciunt, ipsum voluptas tempora sequi praesentium obcaecati amet! Nam nostrum deleniti a eius, recusandae dolorum? Eius tenetur repudiandae debitis incidunt aliquid harum, deserunt, illum tempore, voluptatibus fuga aspernatur eaque consequuntur magnam perferendis consectetur earum veritatis nisi ut?
      </p>
    </div>
    <Button
      as="button"
      className="show-more-button"
      compact={true}
      onClick={[Function]}
    >
      Show More
    </Button>
  </div>
</div>
`;

exports[`VideoInfo renders expanded 1`] = `
<div
  className="video-info-container"
>
  <Image
    as="img"
    circular={true}
    className="channel-image"
    src="http://via.placeholder.com/48x48"
    ui={true}
  />
  <div
    className="video-info"
  >
    <div
      className="channel-name"
    >
      Channel Name
    </div>
    <div
      className="videopublication-date"
    >
      Published on Jun 25, 2019
    </div>
  </div>
  <Button
    as="button"
    className="subscribe-button"
    color="youtube"
  >
    Subscribe 523K
  </Button>
  <div
    className="video-description"
  >
    <div
      className="expanded"
    >
      <p>
        Lorem ipsum dolor, sit amet consectetur adipisicing elit. Autem quos, magnam impedit vero hic inventore, numquam perspiciatis veritatis obcaecati aut assumenda rerum. Atque ratione similique numquam excepturi provident, commodi fugiat dolores accusamus quas cupiditate dolorum facilis iure aliquam nesciunt exercitationem totam pariatur deserunt nemo cum in. Eum voluptates mollitia quisquam eos repellendus sapiente ratione accusantium tempore sit dolorum dolorem est aut dolores nesciunt, ipsum voluptas tempora sequi praesentium obcaecati amet! Nam nostrum deleniti a eius, recusandae dolorum? Eius tenetur repudiandae debitis incidunt aliquid harum, deserunt, illum tempore, voluptatibus fuga aspernatur eaque consequuntur magnam perferendis consectetur earum veritatis nisi ut?
      </p>
    </div>
    <Button
      as="button"
      className="show-more-button"
      compact={true}
      onClick={[Function]}
    >
      Show More
    </Button>
  </div>
</div>
`;
